Job started on Sat Apr 26 16:36:28 EDT 2025
Running on node: c2204
Sat Apr 26 16:36:30 2025       
+---------------------------------------------------------------------------------------+
| NVIDIA-SMI 545.23.08              Driver Version: 545.23.08    CUDA Version: 12.3     |
|-----------------------------------------+----------------------+----------------------+
| GPU  Name                 Persistence-M | Bus-Id        Disp.A | Volatile Uncorr. ECC |
| Fan  Temp   Perf          Pwr:Usage/Cap |         Memory-Usage | GPU-Util  Compute M. |
|                                         |                      |               MIG M. |
|=========================================+======================+======================|
|   0  Tesla V100-PCIE-32GB           Off | 00000000:41:00.0 Off |                    0 |
| N/A   42C    P0              39W / 250W |      0MiB / 32768MiB |      4%      Default |
|                                         |                      |                  N/A |
+-----------------------------------------+----------------------+----------------------+
                                                                                         
+---------------------------------------------------------------------------------------+
| Processes:                                                                            |
|  GPU   GI   CI        PID   Type   Process name                            GPU Memory |
|        ID   ID                                                             Usage      |
|=======================================================================================|
|  No running processes found                                                           |
+---------------------------------------------------------------------------------------+
Working directory: /work/JeFeSpace/generalization_transformer
total 30
-rw-rw----+ 1 fernando.je JeFeSpace 8992 Apr 25 11:31 attributes.txt
drwxrws---+ 2 fernando.je JeFeSpace 4096 Apr 25 11:31 configs
drwxrws---+ 2 fernando.je JeFeSpace 4096 Apr 25 11:31 CUB_200_2011
drwxrws---+ 2 fernando.je JeFeSpace 4096 Apr 26 13:50 data
-rw-rw----+ 1 fernando.je JeFeSpace  610 Apr 26 11:37 env_min.yml
-rw-rw----+ 1 fernando.je JeFeSpace 6018 Apr 26 09:34 miller_law_clean.yaml
-rw-rw----+ 1 fernando.je JeFeSpace 4321 Apr 26 11:34 miller_law_loose.yaml
-rw-rw----+ 1 fernando.je JeFeSpace 9335 Apr 26 09:28 miller_law.yaml
drwxrws---+ 2 fernando.je JeFeSpace 4096 Apr 25 11:31 notebooks
drwxrws---+ 2 fernando.je JeFeSpace 4096 Apr 26 16:36 src
Starting script execution...
