Job started on Sat Apr 26 16:05:21 EDT 2025
Running on node: c2205
Sat Apr 26 16:05:23 2025       
+---------------------------------------------------------------------------------------+
| NVIDIA-SMI 545.23.08              Driver Version: 545.23.08    CUDA Version: 12.3     |
|-----------------------------------------+----------------------+----------------------+
| GPU  Name                 Persistence-M | Bus-Id        Disp.A | Volatile Uncorr. ECC |
| Fan  Temp   Perf          Pwr:Usage/Cap |         Memory-Usage | GPU-Util  Compute M. |
|                                         |                      |               MIG M. |
|=========================================+======================+======================|
|   0  Tesla V100-PCIE-32GB           Off | 00000000:41:00.0 Off |                    0 |
| N/A   43C    P0              40W / 250W |      0MiB / 32768MiB |      3%      Default |
|                                         |                      |                  N/A |
+-----------------------------------------+----------------------+----------------------+
                                                                                         
+---------------------------------------------------------------------------------------+
| Processes:                                                                            |
|  GPU   GI   CI        PID   Type   Process name                            GPU Memory |
|        ID   ID                                                             Usage      |
|=======================================================================================|
|  No running processes found                                                           |
+---------------------------------------------------------------------------------------+
Working directory: /work/JeFeSpace/generalization_transformer
total 30
-rw-rw----+ 1 fernando.je JeFeSpace 8992 Apr 25 11:31 attributes.txt
drwxrws---+ 2 fernando.je JeFeSpace 4096 Apr 25 11:31 configs
drwxrws---+ 2 fernando.je JeFeSpace 4096 Apr 25 11:31 CUB_200_2011
drwxrws---+ 2 fernando.je JeFeSpace 4096 Apr 26 13:50 data
-rw-rw----+ 1 fernando.je JeFeSpace  610 Apr 26 11:37 env_min.yml
-rw-rw----+ 1 fernando.je JeFeSpace 6018 Apr 26 09:34 miller_law_clean.yaml
-rw-rw----+ 1 fernando.je JeFeSpace 4321 Apr 26 11:34 miller_law_loose.yaml
-rw-rw----+ 1 fernando.je JeFeSpace 9335 Apr 26 09:28 miller_law.yaml
drwxrws---+ 2 fernando.je JeFeSpace 4096 Apr 25 11:31 notebooks
drwxrws---+ 2 fernando.je JeFeSpace 4096 Apr 26 16:05 src
Starting script execution...
Using GPU: Tesla V100-PCIE-32GB
[16:06:31] Starting script execution
[16:06:31] Loading Newick tree file...
[16:06:37] Tree file loaded successfully
[16:06:37] Loading CUB dataset...
Found 7149 scientific names in the tree
Found 200 common names in the CUB dataset
Automatically mapped 61 species
Manual override: Black_footed_Albatross -> Phoebastria nigripes
Manual override: Crested_Auklet -> Aethia cristatella
Manual override: Least_Auklet -> Aethia pusilla
Manual override: Parakeet_Auklet -> Aethia psittacula
Manual override: Rhinoceros_Auklet -> Cerorhinca monocerata
Manual override: Brewer_Blackbird -> Euphagus cyanocephalus
Manual override: Red_winged_Blackbird -> Agelaius phoeniceus
Manual override: Rusty_Blackbird -> Euphagus carolinus
Manual override: Yellow_headed_Blackbird -> Xanthocephalus xanthocephalus
Manual override: Bobolink -> Dolichonyx oryzivorus
Manual override: Indigo_Bunting -> Passerina cyanea
Manual override: Lazuli_Bunting -> Passerina amoena
Manual override: Painted_Bunting -> Passerina ciris
Final mapping contains 71 species
  Laysan_Albatross -> Anas laysanensis
  Rhinoceros_Auklet -> Cerorhinca monocerata
  Brewer_Blackbird -> Euphagus cyanocephalus
  Indigo_Bunting -> Passerina cyanea
  Cardinal -> Cardinalis cardinalis
Validated mapping contains 71 species
Found 71 species in both datasets that can be used
[16:07:14] Building evolutionary distance matrix...
[16:18:57] Evolutionary distance matrix built
[16:18:57] Loading ResNet50 model (this may take some time)...
[16:18:57] No pretrained weights found locally, initializing with random weights
[16:19:00] Initialized ResNet50 with random weights
[16:19:00] ResNet50 model loaded successfully
[16:19:00] Feature extractor created
[16:19:01] Feature extractor moved to cuda
[16:19:01] Feature extractor ready for inference
[16:19:01] Image transforms created
[16:19:01] Starting feature extraction for each species...
[16:19:01] Processing species 1/71: Black_footed_Albatross
Processed 10 images for Black_footed_Albatross
Processed 10 images for Laysan_Albatross
Processed 10 images for Crested_Auklet
Processed 10 images for Least_Auklet
Processed 10 images for Parakeet_Auklet
Processed 10 images for Rhinoceros_Auklet
Processed 10 images for Brewer_Blackbird
Processed 10 images for Red_winged_Blackbird
Processed 10 images for Rusty_Blackbird
Processed 10 images for Yellow_headed_Blackbird
[16:19:08] Processing species 11/71: Bobolink
Processed 10 images for Bobolink
Processed 10 images for Indigo_Bunting
Processed 10 images for Lazuli_Bunting
Processed 10 images for Painted_Bunting
Processed 10 images for Cardinal
Processed 10 images for Brandt_Cormorant
Processed 10 images for Pelagic_Cormorant
Processed 10 images for Brown_Creeper
Processed 10 images for American_Crow
Processed 10 images for Olive_sided_Flycatcher
[16:19:14] Processing species 21/71: Yellow_bellied_Flycatcher
Processed 10 images for Yellow_bellied_Flycatcher
Processed 10 images for Northern_Fulmar
Processed 10 images for American_Goldfinch
Processed 10 images for California_Gull
Processed 10 images for Florida_Jay
Processed 10 images for Dark_eyed_Junco
Processed 10 images for White_breasted_Kingfisher
Processed 10 images for Pacific_Loon
Processed 10 images for Hooded_Merganser
Processed 10 images for Red_breasted_Merganser
[16:19:20] Processing species 31/71: Clark_Nutcracker
Processed 10 images for Clark_Nutcracker
Processed 10 images for White_breasted_Nuthatch
Processed 10 images for Brown_Pelican
Processed 10 images for White_Pelican
Processed 10 images for Sayornis
Processed 10 images for American_Pipit
Processed 10 images for Horned_Puffin
Processed 10 images for Common_Raven
Processed 10 images for White_necked_Raven
Processed 10 images for American_Redstart
[16:19:26] Processing species 41/71: Baird_Sparrow
Processed 10 images for Baird_Sparrow
Processed 10 images for Brewer_Sparrow
Processed 10 images for House_Sparrow
Processed 10 images for Field_Sparrow
Processed 10 images for Henslow_Sparrow
Processed 10 images for Le_Conte_Sparrow
Processed 10 images for Lincoln_Sparrow
Processed 10 images for Nelson_Sharp_tailed_Sparrow
Processed 10 images for Vesper_Sparrow
Processed 10 images for White_crowned_Sparrow
[16:19:32] Processing species 51/71: White_throated_Sparrow
Processed 10 images for White_throated_Sparrow
Processed 10 images for Caspian_Tern
Processed 10 images for Brown_Thrasher
Processed 10 images for Black_capped_Vireo
Processed 10 images for Blue_headed_Vireo
Processed 10 images for Philadelphia_Vireo
Processed 10 images for Red_eyed_Vireo
Processed 10 images for Warbling_Vireo
Processed 10 images for White_eyed_Vireo
Processed 10 images for Yellow_throated_Vireo
[16:19:38] Processing species 61/71: Black_and_white_Warbler
Processed 10 images for Black_and_white_Warbler
Processed 10 images for Cerulean_Warbler
Processed 10 images for Magnolia_Warbler
Processed 10 images for Swainson_Warbler
Processed 10 images for Wilson_Warbler
Processed 10 images for American_Three_toed_Woodpecker
Processed 10 images for Red_bellied_Woodpecker
Processed 10 images for Bewick_Wren
Processed 10 images for Carolina_Wren
Processed 10 images for House_Wren
[16:19:44] Processing species 71/71: Marsh_Wren
Processed 10 images for Marsh_Wren
Collected 126025 distances from the dataset
After removing duplicates: 33679 unique distances
Sampled 100 thresholds using percentile sampling
Threshold range: 0.00 to 1031.86
Threshold: 0.0, G: 0.503, I: 0.562
Threshold: 27.4, G: 0.482, I: 0.544
Threshold: 31.4, G: 0.502, I: 0.571
Threshold: 35.1, G: 0.497, I: 0.548
Threshold: 38.6, G: 0.501, I: 0.553
Threshold: 42.1, G: 0.503, I: 0.552
Threshold: 45.7, G: 0.501, I: 0.544
Threshold: 49.3, G: 0.497, I: 0.549
Threshold: 52.8, G: 0.527, I: 0.550
Threshold: 56.6, G: 0.513, I: 0.555
Threshold: 60.3, G: 0.505, I: 0.546
Threshold: 63.9, G: 0.523, I: 0.545
Threshold: 67.6, G: 0.489, I: 0.542
Threshold: 71.4, G: 0.531, I: 0.564
Threshold: 75.2, G: 0.496, I: 0.548
Threshold: 79.1, G: 0.484, I: 0.549
Threshold: 83.0, G: 0.496, I: 0.548
Threshold: 86.8, G: 0.517, I: 0.542
Threshold: 90.8, G: 0.489, I: 0.537
Threshold: 94.7, G: 0.488, I: 0.547
Threshold: 98.6, G: 0.506, I: 0.544
Threshold: 102.5, G: 0.499, I: 0.540
Threshold: 106.4, G: 0.493, I: 0.550
Threshold: 110.5, G: 0.503, I: 0.552
Threshold: 114.4, G: 0.499, I: 0.542
Threshold: 118.3, G: 0.490, I: 0.540
Threshold: 122.2, G: 0.492, I: 0.545
Threshold: 126.4, G: 0.486, I: 0.540
Threshold: 130.5, G: 0.486, I: 0.551
Threshold: 134.6, G: 0.510, I: 0.550
Threshold: 138.8, G: 0.509, I: 0.535
Threshold: 143.0, G: 0.495, I: 0.529
Threshold: 147.1, G: 0.499, I: 0.532
Threshold: 151.1, G: 0.485, I: 0.555
Threshold: 155.3, G: 0.491, I: 0.527
Threshold: 159.4, G: 0.477, I: 0.549
Threshold: 163.5, G: 0.496, I: 0.538
Threshold: 167.7, G: 0.506, I: 0.540
Threshold: 171.9, G: 0.480, I: 0.532
Threshold: 176.0, G: 0.498, I: 0.534
Threshold: 180.3, G: 0.501, I: 0.527
Threshold: 184.7, G: 0.495, I: 0.538
Threshold: 189.1, G: 0.509, I: 0.521
Threshold: 193.5, G: 0.484, I: 0.509
Threshold: 198.0, G: 0.511, I: 0.568
Threshold: 202.3, G: 0.504, I: 0.545
Threshold: 206.7, G: 0.510, I: 0.524
Threshold: 211.1, G: 0.475, I: 0.542
Threshold: 215.5, G: 0.498, I: 0.517
Threshold: 220.2, G: 0.503, I: 0.536
Threshold: 224.8, G: 0.496, I: 0.520
Threshold: 229.3, G: 0.502, I: 0.528
Threshold: 233.8, G: 0.485, I: 0.536
Threshold: 238.5, G: 0.504, I: 0.527
Threshold: 243.2, G: 0.508, I: 0.527
Threshold: 247.8, G: 0.506, I: 0.525
Threshold: 252.7, G: 0.507, I: 0.540
Threshold: 257.5, G: 0.501, I: 0.527
Threshold: 262.3, G: 0.509, I: 0.535
Threshold: 267.4, G: 0.500, I: 0.549
Threshold: 272.7, G: 0.509, I: 0.505
Threshold: 277.6, G: 0.499, I: 0.540
Threshold: 282.3, G: 0.486, I: 0.511
Threshold: 287.6, G: 0.507, I: 0.516
Threshold: 292.8, G: 0.508, I: 0.519
Threshold: 297.8, G: 0.490, I: 0.524
Threshold: 303.4, G: 0.511, I: 0.516
Threshold: 308.8, G: 0.500, I: 0.507
Threshold: 314.3, G: 0.510, I: 0.532
Threshold: 319.8, G: 0.506, I: 0.521
Threshold: 325.6, G: 0.500, I: 0.528
Threshold: 331.6, G: 0.526, I: 0.515
Threshold: 337.4, G: 0.506, I: 0.500
Threshold: 343.2, G: 0.517, I: 0.516
Threshold: 349.2, G: 0.500, I: 0.512
Threshold: 355.5, G: 0.505, I: 0.510
Threshold: 362.2, G: 0.510, I: 0.512
Threshold: 369.0, G: 0.503, I: 0.522
Threshold: 375.7, G: 0.473, I: 0.515
Threshold: 383.1, G: 0.505, I: 0.521
Threshold: 390.1, G: 0.501, I: 0.506
Threshold: 397.5, G: 0.483, I: 0.525
Threshold: 405.0, G: 0.489, I: 0.503
Threshold: 412.9, G: 0.508, I: 0.521
Threshold: 421.5, G: 0.520, I: 0.511
Threshold: 430.3, G: 0.498, I: 0.533
Threshold: 439.7, G: 0.500, I: 0.527
Threshold: 450.0, G: 0.501, I: 0.504
Threshold: 460.6, G: 0.519, I: 0.519
Threshold: 471.4, G: 0.495, I: 0.496
Threshold: 484.1, G: 0.479, I: 0.497
Threshold: 497.5, G: 0.504, I: 0.496
Threshold: 511.8, G: 0.521, I: 0.505
Threshold: 528.3, G: 0.500, I: 0.504
Threshold: 547.9, G: 0.508, I: 0.488
Threshold: 568.9, G: 0.508, I: 0.498
Threshold: 596.6, G: 0.487, I: 0.504
Threshold: 632.0, G: 0.498, I: 0.511
Threshold: 691.4, G: 0.513, I: 0.489
Threshold: 1031.9, G: 0.494, I: 0.494
Job finished on Sat Apr 26 16:26:04 EDT 2025
