Job started on Sat Apr 26 15:07:07 EDT 2025
Running on node: c2204
Sat Apr 26 15:07:10 2025       
+---------------------------------------------------------------------------------------+
| NVIDIA-SMI 545.23.08              Driver Version: 545.23.08    CUDA Version: 12.3     |
|-----------------------------------------+----------------------+----------------------+
| GPU  Name                 Persistence-M | Bus-Id        Disp.A | Volatile Uncorr. ECC |
| Fan  Temp   Perf          Pwr:Usage/Cap |         Memory-Usage | GPU-Util  Compute M. |
|                                         |                      |               MIG M. |
|=========================================+======================+======================|
|   0  Tesla V100-PCIE-32GB           Off | 00000000:81:00.0 Off |                    0 |
| N/A   48C    P0              40W / 250W |      0MiB / 32768MiB |      3%      Default |
|                                         |                      |                  N/A |
+-----------------------------------------+----------------------+----------------------+
                                                                                         
+---------------------------------------------------------------------------------------+
| Processes:                                                                            |
|  GPU   GI   CI        PID   Type   Process name                            GPU Memory |
|        ID   ID                                                             Usage      |
|=======================================================================================|
|  No running processes found                                                           |
+---------------------------------------------------------------------------------------+
Working directory: /work/JeFeSpace/generalization_transformer
total 30
-rw-rw----+ 1 fernando.je JeFeSpace 8992 Apr 25 11:31 attributes.txt
drwxrws---+ 2 fernando.je JeFeSpace 4096 Apr 25 11:31 configs
drwxrws---+ 2 fernando.je JeFeSpace 4096 Apr 25 11:31 CUB_200_2011
drwxrws---+ 2 fernando.je JeFeSpace 4096 Apr 26 13:50 data
-rw-rw----+ 1 fernando.je JeFeSpace  610 Apr 26 11:37 env_min.yml
-rw-rw----+ 1 fernando.je JeFeSpace 6018 Apr 26 09:34 miller_law_clean.yaml
-rw-rw----+ 1 fernando.je JeFeSpace 4321 Apr 26 11:34 miller_law_loose.yaml
-rw-rw----+ 1 fernando.je JeFeSpace 9335 Apr 26 09:28 miller_law.yaml
drwxrws---+ 2 fernando.je JeFeSpace 4096 Apr 25 11:31 notebooks
drwxrws---+ 2 fernando.je JeFeSpace 4096 Apr 26 15:07 src
Starting script execution...
Using GPU: Tesla V100-PCIE-32GB
[15:08:19] Starting script execution
[15:08:19] Loading Newick tree file...
[15:08:25] Tree file loaded successfully
[15:08:25] Loading CUB dataset...
Found 7149 scientific names in the tree
Found 200 common names in the CUB dataset
Automatically mapped 61 species
Manual override: Black_footed_Albatross -> Phoebastria nigripes
Manual override: Crested_Auklet -> Aethia cristatella
Manual override: Least_Auklet -> Aethia pusilla
Manual override: Parakeet_Auklet -> Aethia psittacula
Manual override: Rhinoceros_Auklet -> Cerorhinca monocerata
Manual override: Brewer_Blackbird -> Euphagus cyanocephalus
Manual override: Red_winged_Blackbird -> Agelaius phoeniceus
Manual override: Rusty_Blackbird -> Euphagus carolinus
Manual override: Yellow_headed_Blackbird -> Xanthocephalus xanthocephalus
Manual override: Bobolink -> Dolichonyx oryzivorus
Manual override: Indigo_Bunting -> Passerina cyanea
Manual override: Lazuli_Bunting -> Passerina amoena
Manual override: Painted_Bunting -> Passerina ciris
Final mapping contains 71 species
  Laysan_Albatross -> Anas laysanensis
  Rhinoceros_Auklet -> Cerorhinca monocerata
  Brewer_Blackbird -> Euphagus cyanocephalus
  Indigo_Bunting -> Passerina cyanea
  Cardinal -> Cardinalis cardinalis
Validated mapping contains 71 species
Found 71 species in both datasets that can be used
[15:09:02] Building evolutionary distance matrix...
[15:20:10] Evolutionary distance matrix built
[15:20:10] Loading ResNet50 model (this may take some time)...
[15:20:10] No pretrained weights found locally, initializing with random weights
[15:20:12] Initialized ResNet50 with random weights
[15:20:12] ResNet50 model loaded successfully
[15:20:12] Feature extractor created
[15:20:13] Feature extractor moved to cuda
[15:20:13] Feature extractor ready for inference
[15:20:13] Image transforms created
[15:20:13] Starting feature extraction for each species...
[15:20:13] Processing species 1/71: Black_footed_Albatross
Processed 10 images for Black_footed_Albatross
Processed 10 images for Laysan_Albatross
Processed 10 images for Crested_Auklet
Processed 10 images for Least_Auklet
Processed 10 images for Parakeet_Auklet
Processed 10 images for Rhinoceros_Auklet
Processed 10 images for Brewer_Blackbird
Processed 10 images for Red_winged_Blackbird
Processed 10 images for Rusty_Blackbird
Processed 10 images for Yellow_headed_Blackbird
[15:20:20] Processing species 11/71: Bobolink
Processed 10 images for Bobolink
Processed 10 images for Indigo_Bunting
Processed 10 images for Lazuli_Bunting
Processed 10 images for Painted_Bunting
Processed 10 images for Cardinal
Processed 10 images for Brandt_Cormorant
Processed 10 images for Pelagic_Cormorant
Processed 10 images for Brown_Creeper
Processed 10 images for American_Crow
Processed 10 images for Olive_sided_Flycatcher
[15:20:25] Processing species 21/71: Yellow_bellied_Flycatcher
Processed 10 images for Yellow_bellied_Flycatcher
Processed 10 images for Northern_Fulmar
Processed 10 images for American_Goldfinch
Processed 10 images for California_Gull
Processed 10 images for Florida_Jay
Processed 10 images for Dark_eyed_Junco
Processed 10 images for White_breasted_Kingfisher
Processed 10 images for Pacific_Loon
Processed 10 images for Hooded_Merganser
Processed 10 images for Red_breasted_Merganser
[15:20:31] Processing species 31/71: Clark_Nutcracker
Processed 10 images for Clark_Nutcracker
Processed 10 images for White_breasted_Nuthatch
Processed 10 images for Brown_Pelican
Processed 10 images for White_Pelican
Processed 10 images for Sayornis
Processed 10 images for American_Pipit
Processed 10 images for Horned_Puffin
Processed 10 images for Common_Raven
Processed 10 images for White_necked_Raven
Processed 10 images for American_Redstart
[15:20:36] Processing species 41/71: Baird_Sparrow
Processed 10 images for Baird_Sparrow
Processed 10 images for Brewer_Sparrow
Processed 10 images for House_Sparrow
Processed 10 images for Field_Sparrow
Processed 10 images for Henslow_Sparrow
Processed 10 images for Le_Conte_Sparrow
Processed 10 images for Lincoln_Sparrow
Processed 10 images for Nelson_Sharp_tailed_Sparrow
Processed 10 images for Vesper_Sparrow
Processed 10 images for White_crowned_Sparrow
[15:20:41] Processing species 51/71: White_throated_Sparrow
Processed 10 images for White_throated_Sparrow
Processed 10 images for Caspian_Tern
Processed 10 images for Brown_Thrasher
Processed 10 images for Black_capped_Vireo
Processed 10 images for Blue_headed_Vireo
Processed 10 images for Philadelphia_Vireo
Processed 10 images for Red_eyed_Vireo
Processed 10 images for Warbling_Vireo
Processed 10 images for White_eyed_Vireo
Processed 10 images for Yellow_throated_Vireo
[15:20:46] Processing species 61/71: Black_and_white_Warbler
Processed 10 images for Black_and_white_Warbler
Processed 10 images for Cerulean_Warbler
Processed 10 images for Magnolia_Warbler
Processed 10 images for Swainson_Warbler
Processed 10 images for Wilson_Warbler
Processed 10 images for American_Three_toed_Woodpecker
Processed 10 images for Red_bellied_Woodpecker
Processed 10 images for Bewick_Wren
Processed 10 images for Carolina_Wren
Processed 10 images for House_Wren
[15:20:52] Processing species 71/71: Marsh_Wren
Processed 10 images for Marsh_Wren
Collected 126025 distances from the dataset
After removing duplicates: 28476 unique distances
Sampled 100 thresholds using percentile sampling
Threshold range: 0.00 to 829.79
Threshold: 0.0, G: 0.518, I: 0.547
Threshold: 22.8, G: 0.491, I: 0.558
Threshold: 25.9, G: 0.499, I: 0.535
Threshold: 28.9, G: 0.503, I: 0.572
Threshold: 31.8, G: 0.500, I: 0.535
Threshold: 34.7, G: 0.507, I: 0.558
Threshold: 37.6, G: 0.513, I: 0.548
Threshold: 40.6, G: 0.496, I: 0.547
Threshold: 43.5, G: 0.504, I: 0.558
Threshold: 46.4, G: 0.513, I: 0.545
Threshold: 49.4, G: 0.501, I: 0.549
Threshold: 52.4, G: 0.509, I: 0.544
Threshold: 55.4, G: 0.485, I: 0.530
Threshold: 58.4, G: 0.491, I: 0.568
Threshold: 61.4, G: 0.512, I: 0.530
Threshold: 64.5, G: 0.498, I: 0.555
Threshold: 67.5, G: 0.476, I: 0.535
Threshold: 70.6, G: 0.488, I: 0.548
Threshold: 73.6, G: 0.497, I: 0.538
Threshold: 76.7, G: 0.499, I: 0.549
Threshold: 79.8, G: 0.512, I: 0.536
Threshold: 82.9, G: 0.499, I: 0.544
Threshold: 86.0, G: 0.494, I: 0.536
Threshold: 89.0, G: 0.510, I: 0.531
Threshold: 92.2, G: 0.512, I: 0.548
Threshold: 95.4, G: 0.533, I: 0.536
Threshold: 98.5, G: 0.523, I: 0.542
Threshold: 101.7, G: 0.529, I: 0.550
Threshold: 104.8, G: 0.502, I: 0.551
Threshold: 108.1, G: 0.518, I: 0.546
Threshold: 111.2, G: 0.517, I: 0.535
Threshold: 114.3, G: 0.519, I: 0.516
Threshold: 117.5, G: 0.503, I: 0.530
Threshold: 120.7, G: 0.523, I: 0.533
Threshold: 123.8, G: 0.500, I: 0.525
Threshold: 127.0, G: 0.502, I: 0.520
Threshold: 130.4, G: 0.494, I: 0.543
Threshold: 133.7, G: 0.532, I: 0.519
Threshold: 136.9, G: 0.501, I: 0.541
Threshold: 140.1, G: 0.511, I: 0.543
Threshold: 143.4, G: 0.512, I: 0.539
Threshold: 146.7, G: 0.509, I: 0.534
Threshold: 150.0, G: 0.509, I: 0.536
Threshold: 153.3, G: 0.506, I: 0.545
Threshold: 156.8, G: 0.499, I: 0.534
Threshold: 160.1, G: 0.505, I: 0.534
Threshold: 163.5, G: 0.517, I: 0.518
Threshold: 166.9, G: 0.506, I: 0.534
Threshold: 170.2, G: 0.507, I: 0.532
Threshold: 173.8, G: 0.497, I: 0.529
Threshold: 177.2, G: 0.495, I: 0.529
Threshold: 180.6, G: 0.513, I: 0.533
Threshold: 184.0, G: 0.512, I: 0.539
Threshold: 187.6, G: 0.509, I: 0.526
Threshold: 191.1, G: 0.508, I: 0.535
Threshold: 194.6, G: 0.500, I: 0.517
Threshold: 198.2, G: 0.490, I: 0.530
Threshold: 201.9, G: 0.499, I: 0.525
Threshold: 205.6, G: 0.500, I: 0.512
Threshold: 209.3, G: 0.510, I: 0.517
Threshold: 213.2, G: 0.510, I: 0.520
Threshold: 217.0, G: 0.524, I: 0.527
Threshold: 220.9, G: 0.519, I: 0.547
Threshold: 224.7, G: 0.514, I: 0.526
Threshold: 228.5, G: 0.517, I: 0.522
Threshold: 232.4, G: 0.514, I: 0.527
Threshold: 236.3, G: 0.527, I: 0.513
Threshold: 240.6, G: 0.513, I: 0.532
Threshold: 244.6, G: 0.508, I: 0.511
Threshold: 248.8, G: 0.516, I: 0.517
Threshold: 253.4, G: 0.521, I: 0.518
Threshold: 257.5, G: 0.503, I: 0.529
Threshold: 261.8, G: 0.495, I: 0.528
Threshold: 266.3, G: 0.489, I: 0.519
Threshold: 270.7, G: 0.500, I: 0.516
Threshold: 275.5, G: 0.486, I: 0.511
Threshold: 280.7, G: 0.496, I: 0.511
Threshold: 285.9, G: 0.507, I: 0.518
Threshold: 291.2, G: 0.511, I: 0.499
Threshold: 296.5, G: 0.506, I: 0.506
Threshold: 302.4, G: 0.516, I: 0.517
Threshold: 308.0, G: 0.498, I: 0.491
Threshold: 313.3, G: 0.522, I: 0.502
Threshold: 319.2, G: 0.478, I: 0.508
Threshold: 325.2, G: 0.511, I: 0.518
Threshold: 332.0, G: 0.498, I: 0.493
Threshold: 338.8, G: 0.498, I: 0.490
Threshold: 346.5, G: 0.508, I: 0.513
Threshold: 354.4, G: 0.521, I: 0.513
Threshold: 362.9, G: 0.511, I: 0.518
Threshold: 371.3, G: 0.480, I: 0.500
Threshold: 381.0, G: 0.514, I: 0.520
Threshold: 391.9, G: 0.496, I: 0.502
Threshold: 404.3, G: 0.496, I: 0.478
Threshold: 417.1, G: 0.514, I: 0.487
Threshold: 433.0, G: 0.517, I: 0.508
Threshold: 452.5, G: 0.512, I: 0.475
Threshold: 481.9, G: 0.510, I: 0.502
Threshold: 531.2, G: 0.482, I: 0.516
Threshold: 829.8, G: 0.494, I: 0.499
Job finished on Sat Apr 26 15:26:53 EDT 2025
